============================= test session starts ==============================
platform linux -- Python 3.11.13, pytest-8.4.2, pluggy-1.6.0
rootdir: /scale/user/qfebvre/projects/2509_flexlock/flexlock
configfile: pyproject.toml
plugins: anyio-4.11.0, mock-3.15.1
collected 5 items

tests/test_multistage_config.py .F

=================================== FAILURES ===================================
__________ test_nested_config_interpolation_with_experiment_selection __________

    def test_nested_config_interpolation_with_experiment_selection():
        """Test config with --experiment selection and interpolation."""
    
        @flexcli(p=1)
        def main(p, save_dir):
            print(f"p: {p}")
            print(f"save_dir {save_dir}")
            return p
    
        with tempfile.NamedTemporaryFile(mode="w", suffix=".yaml", delete=False) as f:
            f.write("""
    param: 10
    experiments:
      exp1:
        p: ${param}
    """)
            config_path = f.name
    
        import sys
        from unittest.mock import patch
    
        try:
            with patch.object(
                sys,
                "argv",
                ["script.py", "--config", config_path, "--select", "experiments.exp1"],
            ):
                p = main(save_dir=Path(config_path).parent / "outs")
                # cfg.p should resolve to 10 from ${param}
>               assert p == 10, f"Expected cfg.p to resolve to 10, got {p}"
E               AssertionError: Expected cfg.p to resolve to 10, got None
E               assert None == 10

tests/test_multistage_config.py:86: AssertionError
----------------------------- Captured stdout call -----------------------------
p: None
save_dir /tmp/outs
=========================== short test summary info ============================
FAILED tests/test_multistage_config.py::test_nested_config_interpolation_with_experiment_selection
!!!!!!!!!!!!!!!!!!!!!!!!!! stopping after 1 failures !!!!!!!!!!!!!!!!!!!!!!!!!!!
========================= 1 failed, 1 passed in 0.87s ==========================
